
> app@1.0.0 start
> expo start --web

Starting project at /app
Starting Metro Bundler
Waiting on http://localhost:8081
Logs for your project will appear below.
Web node_modules/expo-router/entry.js ░░░░░░░░░░░░░░░░  0.0% (0/1)
Web node_modules/expo-router/entry.js ▓▓▓▓▓▓▓▓▓▓▓▓▓▓░░ 88.6% (705/749)
λ node_modules/expo-router/node/render.js ▓▓▓▓▓▓▓▓▓▓▓▓░░░░ 81.0% (715/809)
Web node_modules/expo-router/entry.js ▓▓▓▓▓▓▓▓▓▓▓▓▓▓▓░ 96.4% ( 888/2680)
λ node_modules/expo-router/node/render.js ▓▓▓▓▓▓▓▓▓▓▓▓▓▓▓░ 96.3% (2982/3038)
λ Bundling failed 8496ms node_modules/expo-router/node/render.js (3110 modules)

Metro error: Unable to resolve module ./wa-sqlite/wa-sqlite.wasm from /app/node_modules/expo-sqlite/web/worker.ts:

None of these files exist:
  * node_modules/expo-sqlite/web/wa-sqlite/wa-sqlite.wasm(.web.ts|.ts|.web.tsx|.tsx|.web.js|.js|.web.jsx|.jsx|.web.json|.json|.web.cjs|.cjs|.web.mjs|.mjs|.web.scss|.scss|.web.sass|.sass|.web.css|.css)
  * node_modules/expo-sqlite/web/wa-sqlite/wa-sqlite.wasm
[0m [90m 20 |[39m [36mimport[39m [33mWaSQLiteFactory[39m [36mfrom[39m [32m'./wa-sqlite/wa-sqlite'[39m[33m;[39m
 [90m 21 |[39m [90m// @ts-expect-error wasm module is not typed[39m
[31m[1m>[22m[39m[90m 22 |[39m [36mimport[39m wasmModule [36mfrom[39m [32m'./wa-sqlite/wa-sqlite.wasm'[39m[33m;[39m
 [90m    |[39m                         [31m[1m^[22m[39m
 [90m 23 |[39m [36mimport[39m {
 [90m 24 |[39m   type [33mSQLiteWorkerMessage[39m[33m,[39m
 [90m 25 |[39m   type [33mSQLiteWorkerMessageType[39m[33m,[39m[0m

Import stack:

 node_modules/expo-sqlite/web/worker.ts
 | import "./wa-sqlite/wa-sqlite.wasm"

 node_modules/expo-sqlite/web/SQLiteModule.ts
 | import "./worker"

 node_modules/expo-sqlite/build/ExpoSQLite.web.js
 | import "../web/SQLiteModule"

 node_modules/expo-sqlite/build/SQLiteDatabase.js
 | import "./ExpoSQLite"

 node_modules/expo-sqlite/build/index.js
 | import "./SQLiteDatabase"

 services/database.ts
 | import "expo-sqlite"

 app/_layout.tsx
 | import "@/services/database"

 app (require.context)


Call Stack
  <unknown> (node_modules/expo-sqlite/web/worker.ts:0)
Web node_modules/expo-router/entry.js ▓▓▓▓▓▓▓▓▓▓▓▓▓▓▓░ 97.7% (3266/3305)
Web Bundled 8860ms node_modules/expo-router/entry.js (3328 modules)
Web Bundled 951ms node_modules/expo-router/_error.js (322 modules)
 LOG  [web] Logs will appear in the browser console
